// Jest Snapshot v1, https://goo.gl/fbAQLP

exports[`Pruebas en <FirstApp/> debe hacer match con el snapshot 1`] = `
<div>
  <div
    data-testid="test-title"
  >
    Hola, Soy Goku
  </div>
  <h1>
    Hola, Soy Goku
  </h1>
  <p>
    123
  </p>
  <p>
    Funci√≥n getMensaje
  </p>
  <p>
    {"message":"Hola mundo","title":"Fernando"}
  </p>
  <p>
    Nicole
  </p>
  <p>
    Fernando
  </p>
</div>
`;
